// Jest Snapshot v1, https://goo.gl/fbAQLP

exports[`ColorCard ColorCard component should match the correct snapshot with all the data passed in 1`] = `
<div>
  <i
    className="far fa-heart favorite-color-icon"
    onClick={[Function]}
  />
  <NavLink
    activeClassName="active"
    aria-current="page"
    className="color-link"
    to="/lipstick/casablanca"
  >
    <div
      className="color"
      style={
        Object {
          "backgroundColor": "#444446",
        }
      }
    >
      <p
        className="color-hexcode-text"
      >
        casablanca
      </p>
    </div>
  </NavLink>
</div>
`;
